bison -d -o parser.cpp parser.y
flex -o scanner.cpp scanner.l
g++ main.cpp parser.cpp scanner.cpp ast.hpp -std=c++11 -g -o parse
